------------------------------------------------------------
TimeQuest Timing Analyzer Summary
------------------------------------------------------------

Type  : Slow 1200mV 85C Model Setup 'y.S0'
Slack : -2.962
TNS   : -5.565

Type  : Slow 1200mV 85C Model Setup 'Clock'
Slack : -1.199
TNS   : -7.038

Type  : Slow 1200mV 85C Model Hold 'Clock'
Slack : -0.097
TNS   : -0.097

Type  : Slow 1200mV 85C Model Hold 'y.S0'
Slack : 2.120
TNS   : 0.000

Type  : Slow 1200mV 85C Model Minimum Pulse Width 'Clock'
Slack : -3.000
TNS   : -22.000

Type  : Slow 1200mV 85C Model Minimum Pulse Width 'y.S0'
Slack : 0.430
TNS   : 0.000

Type  : Slow 1200mV 0C Model Setup 'y.S0'
Slack : -2.590
TNS   : -4.854

Type  : Slow 1200mV 0C Model Setup 'Clock'
Slack : -0.946
TNS   : -5.259

Type  : Slow 1200mV 0C Model Hold 'Clock'
Slack : -0.057
TNS   : -0.064

Type  : Slow 1200mV 0C Model Hold 'y.S0'
Slack : 1.944
TNS   : 0.000

Type  : Slow 1200mV 0C Model Minimum Pulse Width 'Clock'
Slack : -3.000
TNS   : -22.000

Type  : Slow 1200mV 0C Model Minimum Pulse Width 'y.S0'
Slack : 0.442
TNS   : 0.000

Type  : Fast 1200mV 0C Model Setup 'y.S0'
Slack : -1.245
TNS   : -2.304

Type  : Fast 1200mV 0C Model Setup 'Clock'
Slack : -0.224
TNS   : -0.441

Type  : Fast 1200mV 0C Model Hold 'Clock'
Slack : -0.157
TNS   : -0.182

Type  : Fast 1200mV 0C Model Hold 'y.S0'
Slack : 1.192
TNS   : 0.000

Type  : Fast 1200mV 0C Model Minimum Pulse Width 'Clock'
Slack : -3.000
TNS   : -22.521

Type  : Fast 1200mV 0C Model Minimum Pulse Width 'y.S0'
Slack : 0.437
TNS   : 0.000

------------------------------------------------------------
